python : 
test_fresh_bootstrap (
tests.test_bootstrap.T
estBootstrap.test_fres
h_bootstrap)
At line:1 char:1
+ python -m unittest t
ests/test_bootstrap.py
 -v > test_output.txt 
2>&1
+ ~~~~~~~~~~~~~~~~~~~~
~~~~~~~~~~~~~~~~~~~~~~
~~~~~~~~~~~~~~~~~~~~~~
~~~~
    + CategoryInfo    
          : NotSpeci  
  fied: (test_fresh   
 _boot...resh_boot    
strap):String) []    
, RemoteException
    + FullyQualifiedE 
   rrorId : NativeCo  
  mmandError
 
Test bootstrapping a 
new empty system. ... 
ERROR
test_legacy_migration 
(tests.test_bootstrap.
TestBootstrap.test_leg
acy_migration)
Test migrating a 
legacy catalog.dat. 
... ok

======================
======================
======================
====
ERROR: 
test_fresh_bootstrap (
tests.test_bootstrap.T
estBootstrap.test_fres
h_bootstrap)
Test bootstrapping a 
new empty system.
----------------------
----------------------
----------------------
----
Traceback (most 
recent call last):
  File 
"D:\Projects\AI 
Driven Projects\Databa
se\tests\test_bootstra
p.py", line 26, in 
test_fresh_bootstrap
    self.assertIsNotNo
ne(db_info)
                      
   ^^^^^^^
NameError: name 
'db_info' is not 
defined

----------------------
----------------------
----------------------
----
Ran 2 tests in 0.046s

FAILED (errors=1)
[Bootstrap] Initializing 'default' database...
[Bootstrap] Creating schema 'public' (OID 1001)...
[Bootstrap] Creating schema 'information_schema' (OID 1002)...
[Bootstrap] Initializing 'default' database...
[Bootstrap] Creating schema 'public' (OID 1001)...
[Bootstrap] Creating schema 'information_schema' (OID 1002)...
[Bootstrap] Found legacy catalog. Not supported in this version.
[Bootstrap] Migrating 1 tables to 'default.public'...
  - Migrated table 'users' -> table_1003.tbl
[Bootstrap] Migration complete. Legacy catalog renamed.
